// Jest Snapshot v1, https://goo.gl/fbAQLP

exports[`<TestComponent> renders 1`] = `
<div>
  <button
    class="utrecht-button"
    type="button"
  >
    Test button!
  </button>
</div>
`;
